******************************************************************************
                  TI ARM Linker Unix v18.1.2                   
******************************************************************************
>> Linked Sat Oct 26 20:12:11 2019

OUTPUT FILE NAME:   <freeRTOS.out>
ENTRY POINT SYMBOL: "_c_int00_noargs"  address: 000019cd


MEMORY CONFIGURATION

         name            origin    length      used     unused   attr    fill
----------------------  --------  ---------  --------  --------  ----  --------
  FLASH                 00000000   00040000  00001aa8  0003e558  R  X
  SRAM                  20000000   00008000  00007928  000006d8  RW X


SEGMENT ALLOCATION MAP

run origin  load origin   length   init length attrs members
----------  ----------- ---------- ----------- ----- -------
00000000    00000000    00001aa8   00001aa8    r-x
  00000000    00000000    0000026c   0000026c    r-- .intvecs
  0000026c    0000026c    000017f0   000017f0    r-x .text
  00001a5c    00001a5c    00000014   00000014    r-- .const
  00001a70    00001a70    00000038   00000038    r-- .cinit
20000000    20000000    0000792c   00000000    rw-
  20000000    20000000    000076ec   00000000    rw- .bss
  200076f0    200076f0    00000200   00000000    rw- .stack
  200078f0    200078f0    0000003c   00000000    rw- .data


SECTION ALLOCATION MAP

 output                                  attributes/
section   page    origin      length       input sections
--------  ----  ----------  ----------   ----------------
.intvecs   0    00000000    0000026c     
                  00000000    0000026c     startup_ccs.obj (.intvecs)

.text      0    0000026c    000017f0     
                  0000026c    00000fc4     tasks.obj (.text)
                  00001230    000001b8     heap_2.obj (.text)
                  000013e8    0000012a     list.obj (.text)
                  00001512    00000002     --HOLE-- [fill = 0]
                  00001514    0000010c     port.obj (.text)
                  00001620    000000f0     driverlib.lib : sysctl.obj (.text:SysCtlClockSet)
                  00001710    000000a6     portasm.obj (.text)
                  000017b6    0000009c     rtsv7M4_T_le_v4SPD16_eabi.lib : memcpy_t2.asm.obj (.text)
                  00001852    0000007a                                   : memset_t2.asm.obj (.text)
                  000018cc    00000068                                   : copy_decompress_lzss.c.obj (.text:decompress:lzss:__TI_decompress_lzss)
                  00001934    00000054     main.obj (.text)
                  00001988    00000044     rtsv7M4_T_le_v4SPD16_eabi.lib : autoinit.c.obj (.text:__TI_auto_init_nobinit_nopinit:__TI_auto_init_nobinit_nopinit)
                  000019cc    00000038                                   : boot_cortex_m.c.obj (.text:_c_int00_noargs:_c_int00_noargs)
                  00001a04    00000024                                   : memcmp.c.obj (.text:memcmp)
                  00001a28    0000000e                                   : copy_decompress_none.c.obj (.text:decompress:none:__TI_decompress_none)
                  00001a36    0000000c                                   : copy_zero_init.c.obj (.text:decompress:ZI:__TI_zero_init)
                  00001a42    0000000c     startup_ccs.obj (.text)
                  00001a4e    00000006     driverlib.lib : sysctl.obj (.text:SysCtlDelay)
                  00001a54    00000004     rtsv7M4_T_le_v4SPD16_eabi.lib : pre_init.c.obj (.text:_system_pre_init)
                  00001a58    00000004                                   : exit.c.obj (.text:abort:abort)

.const     0    00001a5c    00000014     
                  00001a5c    00000014     tasks.obj (.const:.string:ucExpectedStackBytes$1)

.cinit     0    00001a70    00000038     
                  00001a70    00000013     (.cinit..data.load) [load image, compression = lzss]
                  00001a83    00000001     --HOLE-- [fill = 0]
                  00001a84    0000000c     (__TI_handler_table)
                  00001a90    00000008     (.cinit..bss.load) [load image, compression = zero_init]
                  00001a98    00000010     (__TI_cinit_table)

.init_array 
*          0    00000000    00000000     UNINITIALIZED

.bss       0    20000000    000076ec     UNINITIALIZED
                  20000000    00007530     heap_2.obj (.bss:ucHeap)
                  20007530    00000140     tasks.obj (.bss:pxReadyTasksLists)
                  20007670    00000014     tasks.obj (.bss:xDelayedTaskList1)
                  20007684    00000014     tasks.obj (.bss:xDelayedTaskList2)
                  20007698    00000014     tasks.obj (.bss:xPendingReadyList)
                  200076ac    00000014     tasks.obj (.bss:xSuspendedTaskList)
                  200076c0    00000014     tasks.obj (.bss:xTasksWaitingTermination)
                  200076d4    00000008     tasks.obj (.bss)
                  200076dc    00000008     heap_2.obj (.bss:xEnd)
                  200076e4    00000008     heap_2.obj (.bss:xStart)

.data      0    200078f0    0000003c     UNINITIALIZED
                  200078f0    00000030     tasks.obj (.data)
                  20007920    00000008     heap_2.obj (.data)
                  20007928    00000004     port.obj (.data)

.stack     0    200076f0    00000200     UNINITIALIZED
                  200076f0    00000004     rtsv7M4_T_le_v4SPD16_eabi.lib : boot_cortex_m.c.obj (.stack)
                  200076f4    000001fc     --HOLE--

MODULE SUMMARY

       Module                       code   ro data   rw data
       ------                       ----   -------   -------
    ./freeRTOS_kernel/scr/
       heap_2.obj                   440    0         30024  
       tasks.obj                    4036   20        476    
       list.obj                     298    0         0      
       port.obj                     268    0         4      
       portasm.obj                  166    0         0      
    +--+----------------------------+------+---------+---------+
       Total:                       5208   20        30504  
                                                            
    ./src/
       startup_ccs.obj              12     620       0      
       main.obj                     84     0         0      
    +--+----------------------------+------+---------+---------+
       Total:                       96     620       0      
                                                            
    /home/gonza/ti/TivaWare/driverlib/ccs/Debug/driverlib.lib
       sysctl.obj                   246    0         0      
    +--+----------------------------+------+---------+---------+
       Total:                       246    0         0      
                                                            
    /home/gonza/ti/ccsv8/tools/compiler/ti-cgt-arm_18.1.2.LTS/lib/rtsv7M4_T_le_v4SPD16_eabi.lib
       memcpy_t2.asm.obj            156    0         0      
       memset_t2.asm.obj            122    0         0      
       copy_decompress_lzss.c.obj   104    0         0      
       autoinit.c.obj               68     0         0      
       boot_cortex_m.c.obj          56     0         0      
       memcmp.c.obj                 36     0         0      
       copy_decompress_none.c.obj   14     0         0      
       copy_zero_init.c.obj         12     0         0      
       exit.c.obj                   4      0         0      
       pre_init.c.obj               4      0         0      
    +--+----------------------------+------+---------+---------+
       Total:                       576    0         0      
                                                            
       Stack:                       0      0         512    
       Linker Generated:            0      55        0      
    +--+----------------------------+------+---------+---------+
       Grand Total:                 6126   695       31016  


LINKER GENERATED COPY TABLES

__TI_cinit_table @ 00001a98 records: 2, size/record: 8, table size: 16
	.data: load addr=00001a70, load size=00000013 bytes, run addr=200078f0, run size=0000003c bytes, compression=lzss
	.bss: load addr=00001a90, load size=00000008 bytes, run addr=20000000, run size=000076ec bytes, compression=zero_init


LINKER GENERATED HANDLER TABLE

__TI_handler_table @ 00001a84 records: 3, size/record: 4, table size: 12
	index: 0, handler: __TI_decompress_lzss
	index: 1, handler: __TI_decompress_none
	index: 2, handler: __TI_zero_init


GLOBAL SYMBOLS: SORTED ALPHABETICALLY BY Name 

address   name                          
-------   ----                          
00001a59  C$$EXIT                       
00001a43  ResetISR                      
00001621  SysCtlClockSet                
00001a4f  SysCtlDelay                   
200078f0  __STACK_END                   
00000200  __STACK_SIZE                  
200078f0  __STACK_TOP                   
00001a98  __TI_CINIT_Base               
00001aa8  __TI_CINIT_Limit              
00001a84  __TI_Handler_Table_Base       
00001a90  __TI_Handler_Table_Limit      
00001989  __TI_auto_init_nobinit_nopinit
000018cd  __TI_decompress_lzss          
00001a29  __TI_decompress_none          
ffffffff  __TI_pprof_out_hndl           
ffffffff  __TI_prof_data_size           
ffffffff  __TI_prof_data_start          
00000000  __TI_static_base__            
00001a37  __TI_zero_init                
00001853  __aeabi_memclr                
00001853  __aeabi_memclr4               
00001853  __aeabi_memclr8               
000017b7  __aeabi_memcpy                
000017b7  __aeabi_memcpy4               
000017b7  __aeabi_memcpy8               
00001855  __aeabi_memset                
00001855  __aeabi_memset4               
00001855  __aeabi_memset8               
ffffffff  __binit__                     
ffffffff  __c_args__                    
UNDEFED   __mpu_init                    
200076f0  __stack                       
000019cd  _c_int00_noargs               
UNDEFED   _system_post_cinit            
00001a55  _system_pre_init              
00001a59  abort                         
ffffffff  binit                         
00000000  g_pfnVectors                  
0000194b  main                          
00001a05  memcmp                        
000017b7  memcpy                        
0000185b  memset                        
00001231  pvPortMalloc                  
200078f0  pxCurrentTCB                  
00001515  pxPortInitialiseStack         
000014cb  uxListRemove                  
000008f5  uxTaskGetNumberOfTasks        
000010ad  uxTaskGetStackHighWaterMark   
00000901  uxTaskGetSystemState          
00000d53  uxTaskGetTaskNumber           
0000049b  uxTaskPriorityGet             
00001941  vApplicationStackOverflowHook 
000013e9  vListInitialise               
00001419  vListInitialiseItem           
00001465  vListInsert                   
00001429  vListInsertEnd                
0000176d  vPortClearInterruptMask       
000017a5  vPortEnableVFP                
000015a1  vPortEndScheduler             
000015b7  vPortEnterCritical            
000015c7  vPortExitCritical             
00001329  vPortFree                     
0000138d  vPortInitialiseBlocks         
00001777  vPortSVCHandler               
00001763  vPortSetInterruptMask         
00001791  vPortStartFirstTask           
000015ad  vPortYield                    
000015a3  vPortYieldFromISR             
00000461  vTaskDelay                    
000003db  vTaskDelayUntil               
0000037b  vTaskDelete                   
000007c9  vTaskEndScheduler             
00000d4b  vTaskMissedYield              
00000be1  vTaskPlaceOnEventList         
000011c5  vTaskPriorityDisinherit       
00001129  vTaskPriorityInherit          
000004cd  vTaskPrioritySet              
00000691  vTaskResume                   
00000d7d  vTaskSetTaskNumber            
00000cb1  vTaskSetTimeOutState          
00000783  vTaskStartScheduler           
000005dd  vTaskSuspend                  
000007db  vTaskSuspendAll               
00000b29  vTaskSwitchContext            
00001387  xPortGetFreeHeapSize          
00001715  xPortPendSVHandler            
0000156b  xPortStartScheduler           
000015dd  xPortSysTickHandler           
00000cd1  xTaskCheckForTimeOut          
0000026d  xTaskGenericCreate            
000010f1  xTaskGetCurrentTaskHandle     
000008c9  xTaskGetTickCount             
000008dd  xTaskGetTickCountFromISR      
000009dd  xTaskIncrementTick            
0000064d  xTaskIsTaskSuspended          
00000c2d  xTaskRemoveFromEventList      
000007ed  xTaskResumeAll                
00000701  xTaskResumeFromISR            


GLOBAL SYMBOLS: SORTED BY Symbol Address 

address   name                          
-------   ----                          
00000000  __TI_static_base__            
00000000  g_pfnVectors                  
00000200  __STACK_SIZE                  
0000026d  xTaskGenericCreate            
0000037b  vTaskDelete                   
000003db  vTaskDelayUntil               
00000461  vTaskDelay                    
0000049b  uxTaskPriorityGet             
000004cd  vTaskPrioritySet              
000005dd  vTaskSuspend                  
0000064d  xTaskIsTaskSuspended          
00000691  vTaskResume                   
00000701  xTaskResumeFromISR            
00000783  vTaskStartScheduler           
000007c9  vTaskEndScheduler             
000007db  vTaskSuspendAll               
000007ed  xTaskResumeAll                
000008c9  xTaskGetTickCount             
000008dd  xTaskGetTickCountFromISR      
000008f5  uxTaskGetNumberOfTasks        
00000901  uxTaskGetSystemState          
000009dd  xTaskIncrementTick            
00000b29  vTaskSwitchContext            
00000be1  vTaskPlaceOnEventList         
00000c2d  xTaskRemoveFromEventList      
00000cb1  vTaskSetTimeOutState          
00000cd1  xTaskCheckForTimeOut          
00000d4b  vTaskMissedYield              
00000d53  uxTaskGetTaskNumber           
00000d7d  vTaskSetTaskNumber            
000010ad  uxTaskGetStackHighWaterMark   
000010f1  xTaskGetCurrentTaskHandle     
00001129  vTaskPriorityInherit          
000011c5  vTaskPriorityDisinherit       
00001231  pvPortMalloc                  
00001329  vPortFree                     
00001387  xPortGetFreeHeapSize          
0000138d  vPortInitialiseBlocks         
000013e9  vListInitialise               
00001419  vListInitialiseItem           
00001429  vListInsertEnd                
00001465  vListInsert                   
000014cb  uxListRemove                  
00001515  pxPortInitialiseStack         
0000156b  xPortStartScheduler           
000015a1  vPortEndScheduler             
000015a3  vPortYieldFromISR             
000015ad  vPortYield                    
000015b7  vPortEnterCritical            
000015c7  vPortExitCritical             
000015dd  xPortSysTickHandler           
00001621  SysCtlClockSet                
00001715  xPortPendSVHandler            
00001763  vPortSetInterruptMask         
0000176d  vPortClearInterruptMask       
00001777  vPortSVCHandler               
00001791  vPortStartFirstTask           
000017a5  vPortEnableVFP                
000017b7  __aeabi_memcpy                
000017b7  __aeabi_memcpy4               
000017b7  __aeabi_memcpy8               
000017b7  memcpy                        
00001853  __aeabi_memclr                
00001853  __aeabi_memclr4               
00001853  __aeabi_memclr8               
00001855  __aeabi_memset                
00001855  __aeabi_memset4               
00001855  __aeabi_memset8               
0000185b  memset                        
000018cd  __TI_decompress_lzss          
00001941  vApplicationStackOverflowHook 
0000194b  main                          
00001989  __TI_auto_init_nobinit_nopinit
000019cd  _c_int00_noargs               
00001a05  memcmp                        
00001a29  __TI_decompress_none          
00001a37  __TI_zero_init                
00001a43  ResetISR                      
00001a4f  SysCtlDelay                   
00001a55  _system_pre_init              
00001a59  C$$EXIT                       
00001a59  abort                         
00001a84  __TI_Handler_Table_Base       
00001a90  __TI_Handler_Table_Limit      
00001a98  __TI_CINIT_Base               
00001aa8  __TI_CINIT_Limit              
200076f0  __stack                       
200078f0  __STACK_END                   
200078f0  __STACK_TOP                   
200078f0  pxCurrentTCB                  
ffffffff  __TI_pprof_out_hndl           
ffffffff  __TI_prof_data_size           
ffffffff  __TI_prof_data_start          
ffffffff  __binit__                     
ffffffff  __c_args__                    
ffffffff  binit                         
UNDEFED   __mpu_init                    
UNDEFED   _system_post_cinit            

[98 symbols]
